
===========================================================================
 report_power
============================================================================
======================= Fastest Corner ===================================

Group                  Internal  Switching    Leakage      Total
                          Power      Power      Power      Power (Watts)
----------------------------------------------------------------
Sequential             1.67e-02   1.33e-03   5.16e-07   1.81e-02  41.7%
Combinational          1.06e-02   1.46e-02   9.94e-08   2.53e-02  58.3%
Macro                  0.00e+00   0.00e+00   0.00e+00   0.00e+00   0.0%
Pad                    0.00e+00   0.00e+00   0.00e+00   0.00e+00   0.0%
----------------------------------------------------------------
Total                  2.74e-02   1.60e-02   6.15e-07   4.34e-02 100.0%
                          63.2%      36.8%       0.0%

======================= Slowest Corner ===================================

Group                  Internal  Switching    Leakage      Total
                          Power      Power      Power      Power (Watts)
----------------------------------------------------------------
Sequential             1.13e-02   8.69e-04   4.69e-05   1.22e-02  41.3%
Combinational          7.65e-03   9.58e-03   6.95e-05   1.73e-02  58.7%
Macro                  0.00e+00   0.00e+00   0.00e+00   0.00e+00   0.0%
Pad                    0.00e+00   0.00e+00   0.00e+00   0.00e+00   0.0%
----------------------------------------------------------------
Total                  1.89e-02   1.04e-02   1.16e-04   2.95e-02 100.0%
                          64.2%      35.4%       0.4%

======================= Typical Corner ===================================

Group                  Internal  Switching    Leakage      Total
                          Power      Power      Power      Power (Watts)
----------------------------------------------------------------
Sequential             1.44e-02   1.11e-03   4.97e-07   1.56e-02  41.7%
Combinational          9.39e-03   1.23e-02   6.95e-08   2.17e-02  58.3%
Macro                  0.00e+00   0.00e+00   0.00e+00   0.00e+00   0.0%
Pad                    0.00e+00   0.00e+00   0.00e+00   0.00e+00   0.0%
----------------------------------------------------------------
Total                  2.38e-02   1.34e-02   5.66e-07   3.73e-02 100.0%
                          63.9%      36.1%       0.0%

