
66. Executing CHECK pass (checking for obvious problems).
Checking module hypothesis_engine...
Checking module observation_aggregator...
Checking module matrix_compute_unit...
Checking module rram_compute_fabric...
Checking module neuromorphic_engine...
Checking module radar_engine...
Checking module edge_processor...
Checking module graph_query_engine...
Checking module knowledge_graph_engine...
Checking module node_manager...
Checking module swarm_comm_controller...
Checking module swarm_engine...
Checking module task_allocator...
Checking module knowledge_sync_unit...
Checking module conflict_resolver...
Checking module aslss_soc_top...
Checking module discovery_update_unit...
Checking module spectroscopy_engine...
Checking module vision_engine...
Checking module $paramod$634680c031922277e7e4893ebb5bf348436f6374\cpu_interrupt_controller...
Checking module environment_sensor_engine...
Checking module memory_arbiter...
Checking module vexriscv_cluster...
Checking module vexriscv_core_wrapper...
Found and reported 0 problems.
