
===========================================================================
report_checks -unconstrained
===========================================================================
======================= Fastest Corner ===================================

Startpoint: _27688_ (rising edge-triggered flip-flop clocked by core_clk)
Endpoint: debug_valid (output port clocked by core_clk)
Path Group: core_clk
Path Type: max
Corner: Fastest

Fanout     Cap    Slew   Delay    Time   Description
-----------------------------------------------------------------------------
                          0.00    0.00   clock core_clk (rise edge)
                          0.00    0.00   clock source latency
                  0.67    0.48    0.48 ^ clk (in)
     3    0.11                           clk (net)
                  0.67    0.00    0.48 ^ clkbuf_0_clk/A (sky130_fd_sc_hd__clkbuf_16)
                  0.16    0.23    0.70 ^ clkbuf_0_clk/X (sky130_fd_sc_hd__clkbuf_16)
     4    0.19                           clknet_0_clk (net)
                  0.16    0.02    0.72 ^ clkbuf_2_1_0_clk/A (sky130_fd_sc_hd__clkbuf_8)
                  0.21    0.23    0.96 ^ clkbuf_2_1_0_clk/X (sky130_fd_sc_hd__clkbuf_8)
     8    0.16                           clknet_2_1_0_clk (net)
                  0.21    0.01    0.97 ^ clkbuf_5_12__f_clk/A (sky130_fd_sc_hd__clkbuf_16)
                  0.11    0.18    1.14 ^ clkbuf_5_12__f_clk/X (sky130_fd_sc_hd__clkbuf_16)
     9    0.12                           clknet_5_12__leaf_clk (net)
                  0.11    0.01    1.15 ^ clkbuf_leaf_253_clk/A (sky130_fd_sc_hd__clkbuf_16)
                  0.05    0.12    1.27 ^ clkbuf_leaf_253_clk/X (sky130_fd_sc_hd__clkbuf_16)
    15    0.05                           clknet_leaf_253_clk (net)
                  0.05    0.00    1.28 ^ _27688_/CLK (sky130_fd_sc_hd__dfrtp_1)
                  0.06    0.23    1.50 ^ _27688_/Q (sky130_fd_sc_hd__dfrtp_1)
     2    0.01                           hypo.observation_valid (net)
                  0.06    0.00    1.50 ^ _16712_/B (sky130_fd_sc_hd__or2_4)
                  0.20    0.20    1.70 ^ _16712_/X (sky130_fd_sc_hd__or2_4)
     7    0.09                           _04100_ (net)
                  0.20    0.01    1.71 ^ _16713_/A (sky130_fd_sc_hd__buf_2)
                  0.15    0.18    1.89 ^ _16713_/X (sky130_fd_sc_hd__buf_2)
     1    0.04                           net10 (net)
                  0.15    0.01    1.90 ^ output10/A (sky130_fd_sc_hd__buf_4)
                  0.11    0.15    2.06 ^ output10/X (sky130_fd_sc_hd__buf_4)
     1    0.05                           debug_valid (net)
                  0.11    0.00    2.06 ^ debug_valid (out)
                                  2.06   data arrival time

                         10.00   10.00   clock core_clk (rise edge)
                          0.00   10.00   clock network delay (propagated)
                         -0.10    9.90   clock uncertainty
                          0.00    9.90   clock reconvergence pessimism
                         -2.00    7.90   output external delay
                                  7.90   data required time
-----------------------------------------------------------------------------
                                  7.90   data required time
                                 -2.06   data arrival time
-----------------------------------------------------------------------------
                                  5.84   slack (MET)



======================= Slowest Corner ===================================

Startpoint: _27665_ (rising edge-triggered flip-flop clocked by core_clk)
Endpoint: _27672_ (rising edge-triggered flip-flop clocked by core_clk)
Path Group: core_clk
Path Type: max
Corner: Slowest

Fanout     Cap    Slew   Delay    Time   Description
-----------------------------------------------------------------------------
                          0.00    0.00   clock core_clk (rise edge)
                          0.00    0.00   clock source latency
                  1.34    0.95    0.95 ^ clk (in)
     3    0.11                           clk (net)
                  1.34    0.00    0.95 ^ clkbuf_0_clk/A (sky130_fd_sc_hd__clkbuf_16)
                  0.31    0.83    1.79 ^ clkbuf_0_clk/X (sky130_fd_sc_hd__clkbuf_16)
     4    0.19                           clknet_0_clk (net)
                  0.31    0.02    1.81 ^ clkbuf_2_3_0_clk/A (sky130_fd_sc_hd__clkbuf_8)
                  0.50    0.65    2.46 ^ clkbuf_2_3_0_clk/X (sky130_fd_sc_hd__clkbuf_8)
     8    0.19                           clknet_2_3_0_clk (net)
                  0.50    0.01    2.48 ^ clkbuf_5_25__f_clk/A (sky130_fd_sc_hd__clkbuf_16)
                  0.26    0.55    3.03 ^ clkbuf_5_25__f_clk/X (sky130_fd_sc_hd__clkbuf_16)
    10    0.15                           clknet_5_25__leaf_clk (net)
                  0.26    0.01    3.04 ^ clkbuf_leaf_120_clk/A (sky130_fd_sc_hd__clkbuf_16)
                  0.07    0.30    3.34 ^ clkbuf_leaf_120_clk/X (sky130_fd_sc_hd__clkbuf_16)
     5    0.02                           clknet_leaf_120_clk (net)
                  0.07    0.00    3.34 ^ _27665_/CLK (sky130_fd_sc_hd__dfrtp_1)
                  0.30    0.82    4.16 ^ _27665_/Q (sky130_fd_sc_hd__dfrtp_1)
     5    0.02                           sensors.spectroscopy.read_ptr[2] (net)
                  0.30    0.00    4.16 ^ _12306_/A (sky130_fd_sc_hd__buf_1)
                  0.32    0.42    4.58 ^ _12306_/X (sky130_fd_sc_hd__buf_1)
     6    0.02                           _08777_ (net)
                  0.32    0.00    4.58 ^ _12315_/B_N (sky130_fd_sc_hd__and4bb_2)
                  0.29    0.81    5.39 v _12315_/X (sky130_fd_sc_hd__and4bb_2)
     6    0.06                           _08786_ (net)
                  0.29    0.01    5.40 v _12411_/A (sky130_fd_sc_hd__clkbuf_4)
                  0.36    0.59    6.00 v _12411_/X (sky130_fd_sc_hd__clkbuf_4)
     6    0.10                           _08882_ (net)
                  0.36    0.01    6.01 v _13019_/A (sky130_fd_sc_hd__buf_2)
                  0.26    0.54    6.55 v _13019_/X (sky130_fd_sc_hd__buf_2)
     6    0.06                           _09490_ (net)
                  0.26    0.01    6.56 v _15202_/B (sky130_fd_sc_hd__and3_1)
                  0.07    0.41    6.97 v _15202_/X (sky130_fd_sc_hd__and3_1)
     1    0.00                           _11667_ (net)
                  0.07    0.00    6.97 v _15206_/A (sky130_fd_sc_hd__or4_1)
                  0.33    1.43    8.40 v _15206_/X (sky130_fd_sc_hd__or4_1)
     1    0.02                           _11671_ (net)
                  0.33    0.00    8.41 v _15207_/D (sky130_fd_sc_hd__or4_2)
                  0.62    1.99   10.39 v _15207_/X (sky130_fd_sc_hd__or4_2)
     2    0.09                           _11672_ (net)
                  0.62    0.02   10.41 v _15208_/D (sky130_fd_sc_hd__or4_4)
                  0.30    1.25   11.66 v _15208_/X (sky130_fd_sc_hd__or4_4)
     1    0.06                           _11673_ (net)
                  0.30    0.01   11.66 v _15209_/D (sky130_fd_sc_hd__or4_1)
                  0.38    1.32   12.98 v _15209_/X (sky130_fd_sc_hd__or4_1)
     1    0.02                           _11674_ (net)
                  0.38    0.00   12.98 v _15210_/A3 (sky130_fd_sc_hd__o32a_1)
                  0.17    0.72   13.70 v _15210_/X (sky130_fd_sc_hd__o32a_1)
     1    0.01                           _11675_ (net)
                  0.17    0.00   13.70 v _15211_/A1 (sky130_fd_sc_hd__mux2_1)
                  0.12    0.70   14.41 v _15211_/X (sky130_fd_sc_hd__mux2_1)
     1    0.00                           _11676_ (net)
                  0.12    0.00   14.41 v _15212_/A (sky130_fd_sc_hd__clkbuf_1)
                  0.05    0.18   14.58 v _15212_/X (sky130_fd_sc_hd__clkbuf_1)
     1    0.00                           _03247_ (net)
                  0.05    0.00   14.58 v _27672_/D (sky130_fd_sc_hd__dfrtp_1)
                                 14.58   data arrival time

                         10.00   10.00   clock core_clk (rise edge)
                          0.00   10.00   clock source latency
                  1.34    0.95   10.95 ^ clk (in)
     3    0.11                           clk (net)
                  1.34    0.00   10.95 ^ clkbuf_0_clk/A (sky130_fd_sc_hd__clkbuf_16)
                  0.31    0.83   11.79 ^ clkbuf_0_clk/X (sky130_fd_sc_hd__clkbuf_16)
     4    0.19                           clknet_0_clk (net)
                  0.31    0.02   11.81 ^ clkbuf_2_1_0_clk/A (sky130_fd_sc_hd__clkbuf_8)
                  0.42    0.59   12.40 ^ clkbuf_2_1_0_clk/X (sky130_fd_sc_hd__clkbuf_8)
     8    0.16                           clknet_2_1_0_clk (net)
                  0.42    0.01   12.41 ^ clkbuf_5_12__f_clk/A (sky130_fd_sc_hd__clkbuf_16)
                  0.21    0.49   12.90 ^ clkbuf_5_12__f_clk/X (sky130_fd_sc_hd__clkbuf_16)
     9    0.12                           clknet_5_12__leaf_clk (net)
                  0.21    0.01   12.91 ^ clkbuf_leaf_209_clk/A (sky130_fd_sc_hd__clkbuf_16)
                  0.08    0.30   13.21 ^ clkbuf_leaf_209_clk/X (sky130_fd_sc_hd__clkbuf_16)
     9    0.03                           clknet_leaf_209_clk (net)
                  0.08    0.00   13.21 ^ _27672_/CLK (sky130_fd_sc_hd__dfrtp_1)
                         -0.10   13.11   clock uncertainty
                          0.00   13.11   clock reconvergence pessimism
                         -0.26   12.85   library setup time
                                 12.85   data required time
-----------------------------------------------------------------------------
                                 12.85   data required time
                                -14.58   data arrival time
-----------------------------------------------------------------------------
                                 -1.74   slack (VIOLATED)



======================= Typical Corner ===================================

Startpoint: _27663_ (rising edge-triggered flip-flop clocked by core_clk)
Endpoint: _27676_ (rising edge-triggered flip-flop clocked by core_clk)
Path Group: core_clk
Path Type: max
Corner: Typical

Fanout     Cap    Slew   Delay    Time   Description
-----------------------------------------------------------------------------
                          0.00    0.00   clock core_clk (rise edge)
                          0.00    0.00   clock source latency
                  0.89    0.63    0.63 ^ clk (in)
     3    0.11                           clk (net)
                  0.89    0.00    0.63 ^ clkbuf_0_clk/A (sky130_fd_sc_hd__clkbuf_16)
                  0.21    0.40    1.03 ^ clkbuf_0_clk/X (sky130_fd_sc_hd__clkbuf_16)
     4    0.19                           clknet_0_clk (net)
                  0.21    0.02    1.06 ^ clkbuf_2_3_0_clk/A (sky130_fd_sc_hd__clkbuf_8)
                  0.33    0.38    1.44 ^ clkbuf_2_3_0_clk/X (sky130_fd_sc_hd__clkbuf_8)
     8    0.19                           clknet_2_3_0_clk (net)
                  0.33    0.01    1.45 ^ clkbuf_5_25__f_clk/A (sky130_fd_sc_hd__clkbuf_16)
                  0.17    0.30    1.75 ^ clkbuf_5_25__f_clk/X (sky130_fd_sc_hd__clkbuf_16)
    10    0.15                           clknet_5_25__leaf_clk (net)
                  0.17    0.01    1.76 ^ clkbuf_leaf_120_clk/A (sky130_fd_sc_hd__clkbuf_16)
                  0.04    0.17    1.93 ^ clkbuf_leaf_120_clk/X (sky130_fd_sc_hd__clkbuf_16)
     5    0.02                           clknet_leaf_120_clk (net)
                  0.04    0.00    1.93 ^ _27663_/CLK (sky130_fd_sc_hd__dfrtp_1)
                  0.08    0.34    2.27 ^ _27663_/Q (sky130_fd_sc_hd__dfrtp_1)
     2    0.01                           sensors.spectroscopy.read_ptr[0] (net)
                  0.08    0.00    2.27 ^ _12266_/A (sky130_fd_sc_hd__buf_1)
                  0.25    0.23    2.51 ^ _12266_/X (sky130_fd_sc_hd__buf_1)
     6    0.02                           _08737_ (net)
                  0.25    0.00    2.51 ^ _12267_/A (sky130_fd_sc_hd__clkbuf_2)
                  0.11    0.21    2.72 ^ _12267_/X (sky130_fd_sc_hd__clkbuf_2)
     6    0.02                           _08738_ (net)
                  0.11    0.00    2.72 ^ _12300_/B_N (sky130_fd_sc_hd__and4bb_1)
                  0.09    0.27    2.99 v _12300_/X (sky130_fd_sc_hd__and4bb_1)
     4    0.01                           _08771_ (net)
                  0.09    0.00    2.99 v _12301_/A (sky130_fd_sc_hd__clkbuf_4)
                  0.16    0.25    3.24 v _12301_/X (sky130_fd_sc_hd__clkbuf_4)
     6    0.08                           _08772_ (net)
                  0.16    0.02    3.26 v _12302_/A (sky130_fd_sc_hd__clkbuf_4)
                  0.21    0.33    3.59 v _12302_/X (sky130_fd_sc_hd__clkbuf_4)
     8    0.11                           _08773_ (net)
                  0.21    0.01    3.59 v _12547_/A (sky130_fd_sc_hd__buf_2)
                  0.13    0.28    3.88 v _12547_/X (sky130_fd_sc_hd__buf_2)
     6    0.06                           _09018_ (net)
                  0.13    0.01    3.88 v _13681_/A3 (sky130_fd_sc_hd__a32o_1)
                  0.13    0.38    4.26 v _13681_/X (sky130_fd_sc_hd__a32o_1)
     1    0.02                           _10150_ (net)
                  0.13    0.00    4.26 v _13687_/B (sky130_fd_sc_hd__or4_2)
                  0.18    0.79    5.05 v _13687_/X (sky130_fd_sc_hd__or4_2)
     1    0.03                           _10156_ (net)
                  0.18    0.00    5.05 v _13701_/B (sky130_fd_sc_hd__or4_4)
                  0.18    0.69    5.74 v _13701_/X (sky130_fd_sc_hd__or4_4)
     1    0.07                           _10170_ (net)
                  0.18    0.02    5.76 v _13702_/D (sky130_fd_sc_hd__or4_4)
                  0.25    0.66    6.42 v _13702_/X (sky130_fd_sc_hd__or4_4)
     2    0.12                           _10171_ (net)
                  0.25    0.02    6.44 v _14001_/A1 (sky130_fd_sc_hd__o32a_1)
                  0.08    0.45    6.89 v _14001_/X (sky130_fd_sc_hd__o32a_1)
     1    0.01                           _10470_ (net)
                  0.08    0.00    6.89 v _14003_/A1 (sky130_fd_sc_hd__mux2_1)
                  0.06    0.30    7.19 v _14003_/X (sky130_fd_sc_hd__mux2_1)
     1    0.00                           _10472_ (net)
                  0.06    0.00    7.19 v _14004_/A (sky130_fd_sc_hd__clkbuf_1)
                  0.03    0.09    7.28 v _14004_/X (sky130_fd_sc_hd__clkbuf_1)
     1    0.00                           _03251_ (net)
                  0.03    0.00    7.28 v _27676_/D (sky130_fd_sc_hd__dfrtp_1)
                                  7.28   data arrival time

                         10.00   10.00   clock core_clk (rise edge)
                          0.00   10.00   clock source latency
                  0.89    0.63   10.63 ^ clk (in)
     3    0.11                           clk (net)
                  0.89    0.00   10.63 ^ clkbuf_0_clk/A (sky130_fd_sc_hd__clkbuf_16)
                  0.21    0.40   11.03 ^ clkbuf_0_clk/X (sky130_fd_sc_hd__clkbuf_16)
     4    0.19                           clknet_0_clk (net)
                  0.21    0.02   11.05 ^ clkbuf_2_1_0_clk/A (sky130_fd_sc_hd__clkbuf_8)
                  0.27    0.34   11.39 ^ clkbuf_2_1_0_clk/X (sky130_fd_sc_hd__clkbuf_8)
     8    0.16                           clknet_2_1_0_clk (net)
                  0.28    0.01   11.41 ^ clkbuf_5_14__f_clk/A (sky130_fd_sc_hd__clkbuf_16)
                  0.12    0.26   11.67 ^ clkbuf_5_14__f_clk/X (sky130_fd_sc_hd__clkbuf_16)
     9    0.11                           clknet_5_14__leaf_clk (net)
                  0.12    0.01   11.68 ^ clkbuf_leaf_216_clk/A (sky130_fd_sc_hd__clkbuf_16)
                  0.06    0.17   11.84 ^ clkbuf_leaf_216_clk/X (sky130_fd_sc_hd__clkbuf_16)
    11    0.04                           clknet_leaf_216_clk (net)
                  0.06    0.00   11.85 ^ _27676_/CLK (sky130_fd_sc_hd__dfrtp_1)
                         -0.10   11.75   clock uncertainty
                          0.00   11.75   clock reconvergence pessimism
                         -0.10   11.64   library setup time
                                 11.64   data required time
-----------------------------------------------------------------------------
                                 11.64   data required time
                                 -7.28   data arrival time
-----------------------------------------------------------------------------
                                  4.36   slack (MET)




===========================================================================
report_checks --slack_max -0.01
============================================================================
======================= Fastest Corner ===================================

No paths found.

======================= Slowest Corner ===================================

Startpoint: _27665_ (rising edge-triggered flip-flop clocked by core_clk)
Endpoint: _27672_ (rising edge-triggered flip-flop clocked by core_clk)
Path Group: core_clk
Path Type: max
Corner: Slowest

Fanout     Cap    Slew   Delay    Time   Description
-----------------------------------------------------------------------------
                          0.00    0.00   clock core_clk (rise edge)
                          0.00    0.00   clock source latency
                  1.34    0.95    0.95 ^ clk (in)
     3    0.11                           clk (net)
                  1.34    0.00    0.95 ^ clkbuf_0_clk/A (sky130_fd_sc_hd__clkbuf_16)
                  0.31    0.83    1.79 ^ clkbuf_0_clk/X (sky130_fd_sc_hd__clkbuf_16)
     4    0.19                           clknet_0_clk (net)
                  0.31    0.02    1.81 ^ clkbuf_2_3_0_clk/A (sky130_fd_sc_hd__clkbuf_8)
                  0.50    0.65    2.46 ^ clkbuf_2_3_0_clk/X (sky130_fd_sc_hd__clkbuf_8)
     8    0.19                           clknet_2_3_0_clk (net)
                  0.50    0.01    2.48 ^ clkbuf_5_25__f_clk/A (sky130_fd_sc_hd__clkbuf_16)
                  0.26    0.55    3.03 ^ clkbuf_5_25__f_clk/X (sky130_fd_sc_hd__clkbuf_16)
    10    0.15                           clknet_5_25__leaf_clk (net)
                  0.26    0.01    3.04 ^ clkbuf_leaf_120_clk/A (sky130_fd_sc_hd__clkbuf_16)
                  0.07    0.30    3.34 ^ clkbuf_leaf_120_clk/X (sky130_fd_sc_hd__clkbuf_16)
     5    0.02                           clknet_leaf_120_clk (net)
                  0.07    0.00    3.34 ^ _27665_/CLK (sky130_fd_sc_hd__dfrtp_1)
                  0.30    0.82    4.16 ^ _27665_/Q (sky130_fd_sc_hd__dfrtp_1)
     5    0.02                           sensors.spectroscopy.read_ptr[2] (net)
                  0.30    0.00    4.16 ^ _12306_/A (sky130_fd_sc_hd__buf_1)
                  0.32    0.42    4.58 ^ _12306_/X (sky130_fd_sc_hd__buf_1)
     6    0.02                           _08777_ (net)
                  0.32    0.00    4.58 ^ _12315_/B_N (sky130_fd_sc_hd__and4bb_2)
                  0.29    0.81    5.39 v _12315_/X (sky130_fd_sc_hd__and4bb_2)
     6    0.06                           _08786_ (net)
                  0.29    0.01    5.40 v _12411_/A (sky130_fd_sc_hd__clkbuf_4)
                  0.36    0.59    6.00 v _12411_/X (sky130_fd_sc_hd__clkbuf_4)
     6    0.10                           _08882_ (net)
                  0.36    0.01    6.01 v _13019_/A (sky130_fd_sc_hd__buf_2)
                  0.26    0.54    6.55 v _13019_/X (sky130_fd_sc_hd__buf_2)
     6    0.06                           _09490_ (net)
                  0.26    0.01    6.56 v _15202_/B (sky130_fd_sc_hd__and3_1)
                  0.07    0.41    6.97 v _15202_/X (sky130_fd_sc_hd__and3_1)
     1    0.00                           _11667_ (net)
                  0.07    0.00    6.97 v _15206_/A (sky130_fd_sc_hd__or4_1)
                  0.33    1.43    8.40 v _15206_/X (sky130_fd_sc_hd__or4_1)
     1    0.02                           _11671_ (net)
                  0.33    0.00    8.41 v _15207_/D (sky130_fd_sc_hd__or4_2)
                  0.62    1.99   10.39 v _15207_/X (sky130_fd_sc_hd__or4_2)
     2    0.09                           _11672_ (net)
                  0.62    0.02   10.41 v _15208_/D (sky130_fd_sc_hd__or4_4)
                  0.30    1.25   11.66 v _15208_/X (sky130_fd_sc_hd__or4_4)
     1    0.06                           _11673_ (net)
                  0.30    0.01   11.66 v _15209_/D (sky130_fd_sc_hd__or4_1)
                  0.38    1.32   12.98 v _15209_/X (sky130_fd_sc_hd__or4_1)
     1    0.02                           _11674_ (net)
                  0.38    0.00   12.98 v _15210_/A3 (sky130_fd_sc_hd__o32a_1)
                  0.17    0.72   13.70 v _15210_/X (sky130_fd_sc_hd__o32a_1)
     1    0.01                           _11675_ (net)
                  0.17    0.00   13.70 v _15211_/A1 (sky130_fd_sc_hd__mux2_1)
                  0.12    0.70   14.41 v _15211_/X (sky130_fd_sc_hd__mux2_1)
     1    0.00                           _11676_ (net)
                  0.12    0.00   14.41 v _15212_/A (sky130_fd_sc_hd__clkbuf_1)
                  0.05    0.18   14.58 v _15212_/X (sky130_fd_sc_hd__clkbuf_1)
     1    0.00                           _03247_ (net)
                  0.05    0.00   14.58 v _27672_/D (sky130_fd_sc_hd__dfrtp_1)
                                 14.58   data arrival time

                         10.00   10.00   clock core_clk (rise edge)
                          0.00   10.00   clock source latency
                  1.34    0.95   10.95 ^ clk (in)
     3    0.11                           clk (net)
                  1.34    0.00   10.95 ^ clkbuf_0_clk/A (sky130_fd_sc_hd__clkbuf_16)
                  0.31    0.83   11.79 ^ clkbuf_0_clk/X (sky130_fd_sc_hd__clkbuf_16)
     4    0.19                           clknet_0_clk (net)
                  0.31    0.02   11.81 ^ clkbuf_2_1_0_clk/A (sky130_fd_sc_hd__clkbuf_8)
                  0.42    0.59   12.40 ^ clkbuf_2_1_0_clk/X (sky130_fd_sc_hd__clkbuf_8)
     8    0.16                           clknet_2_1_0_clk (net)
                  0.42    0.01   12.41 ^ clkbuf_5_12__f_clk/A (sky130_fd_sc_hd__clkbuf_16)
                  0.21    0.49   12.90 ^ clkbuf_5_12__f_clk/X (sky130_fd_sc_hd__clkbuf_16)
     9    0.12                           clknet_5_12__leaf_clk (net)
                  0.21    0.01   12.91 ^ clkbuf_leaf_209_clk/A (sky130_fd_sc_hd__clkbuf_16)
                  0.08    0.30   13.21 ^ clkbuf_leaf_209_clk/X (sky130_fd_sc_hd__clkbuf_16)
     9    0.03                           clknet_leaf_209_clk (net)
                  0.08    0.00   13.21 ^ _27672_/CLK (sky130_fd_sc_hd__dfrtp_1)
                         -0.10   13.11   clock uncertainty
                          0.00   13.11   clock reconvergence pessimism
                         -0.26   12.85   library setup time
                                 12.85   data required time
-----------------------------------------------------------------------------
                                 12.85   data required time
                                -14.58   data arrival time
-----------------------------------------------------------------------------
                                 -1.74   slack (VIOLATED)



======================= Typical Corner ===================================

No paths found.


===========================================================================
 report_check_types -max_slew -max_cap -max_fanout -violators
============================================================================
======================= Fastest Corner ===================================


======================= Slowest Corner ===================================

max slew

Pin                                    Limit    Slew   Slack
------------------------------------------------------------
_15645_/Y                               1.49    3.31   -1.82 (VIOLATED)
ANTENNA_392/DIODE                       1.50    3.31   -1.81 (VIOLATED)
_15646_/A                               1.50    3.31   -1.81 (VIOLATED)
ANTENNA_390/DIODE                       1.50    3.31   -1.81 (VIOLATED)
_15824_/B                               1.50    3.31   -1.81 (VIOLATED)
_15734_/B                               1.50    3.31   -1.81 (VIOLATED)
ANTENNA_391/DIODE                       1.50    3.31   -1.81 (VIOLATED)
_15837_/D                               1.50    3.31   -1.81 (VIOLATED)
_12507_/Y                               1.49    1.82   -0.33 (VIOLATED)
_12516_/A                               1.50    1.82   -0.32 (VIOLATED)
_13380_/A                               1.50    1.82   -0.32 (VIOLATED)
_12561_/A                               1.50    1.82   -0.32 (VIOLATED)
_12737_/A                               1.50    1.82   -0.32 (VIOLATED)
_12750_/A                               1.50    1.82   -0.32 (VIOLATED)
_12508_/A                               1.50    1.82   -0.32 (VIOLATED)
_15626_/Y                               1.50    1.60   -0.10 (VIOLATED)
_15993_/A                               1.50    1.60   -0.10 (VIOLATED)
ANTENNA_507/DIODE                       1.50    1.60   -0.10 (VIOLATED)
_15627_/A                               1.50    1.60   -0.10 (VIOLATED)
ANTENNA_506/DIODE                       1.50    1.60   -0.10 (VIOLATED)
ANTENNA_496/DIODE                       1.50    1.60   -0.10 (VIOLATED)
_15732_/A                               1.50    1.60   -0.10 (VIOLATED)
_12664_/Y                               1.49    1.53   -0.04 (VIOLATED)
_12842_/A                               1.50    1.53   -0.03 (VIOLATED)
_12665_/A                               1.50    1.53   -0.03 (VIOLATED)
_12860_/A                               1.50    1.53   -0.03 (VIOLATED)

max capacitance

Pin                                    Limit     Cap   Slack
------------------------------------------------------------
_15645_/Y                               0.07    0.16   -0.10 (VIOLATED)
_12507_/Y                               0.07    0.08   -0.02 (VIOLATED)
_15626_/Y                               0.09    0.10   -0.01 (VIOLATED)
_12664_/Y                               0.07    0.07   -0.00 (VIOLATED)
_12382_/Y                               0.07    0.07   -0.00 (VIOLATED)


======================= Typical Corner ===================================

max slew

Pin                                    Limit    Slew   Slack
------------------------------------------------------------
_15645_/Y                               1.49    2.03   -0.54 (VIOLATED)
_15646_/A                               1.50    2.03   -0.53 (VIOLATED)
ANTENNA_392/DIODE                       1.50    2.03   -0.53 (VIOLATED)
ANTENNA_390/DIODE                       1.50    2.03   -0.53 (VIOLATED)
_15824_/B                               1.50    2.03   -0.53 (VIOLATED)
_15734_/B                               1.50    2.03   -0.53 (VIOLATED)
ANTENNA_391/DIODE                       1.50    2.03   -0.53 (VIOLATED)
_15837_/D                               1.50    2.03   -0.53 (VIOLATED)

max capacitance

Pin                                    Limit     Cap   Slack
------------------------------------------------------------
_15645_/Y                               0.11    0.16   -0.05 (VIOLATED)



===========================================================================
report_parasitic_annotation -report_unannotated
============================================================================
Found 9 unannotated drivers.
 _27689__19/LO
 aslss_soc_top_11/HI
 aslss_soc_top_12/HI
 aslss_soc_top_13/HI
 aslss_soc_top_14/HI
 aslss_soc_top_15/HI
 aslss_soc_top_16/HI
 aslss_soc_top_17/HI
 aslss_soc_top_18/HI
Found 0 partially unannotated drivers.

===========================================================================
max slew violation count 26
max fanout violation count 0
max cap violation count 5
============================================================================

===========================================================================
check_setup -verbose -unconstrained_endpoints -multiple_clock -no_clock -no_input_delay -loops -generated_clocks
===========================================================================
Warning: There are 9 unconstrained endpoints.
  debug_out[0]
  debug_out[1]
  debug_out[2]
  debug_out[3]
  debug_out[4]
  debug_out[5]
  debug_out[6]
  debug_out[7]
  _27689_/D
